// Jest Snapshot v1, https://goo.gl/fbAQLP

exports[`Prueba al Componente AppPrincipal validar el renderizado en AppPrincipal 1`] = `
<div>
  <h1>
    Bienvenidos Frontend 11
  </h1>
  <h3>
    Les quedas 4 clases para finalizar
  </h3>
  <p>
    La informaci√≥n esta correcta
  </p>
</div>
`;
